// Jest Snapshot v1, https://goo.gl/fbAQLP

exports[`ChemistCard test cases should render correctly 1`] = `<DocumentFragment />`;
