// Jest Snapshot v1, https://goo.gl/fbAQLP

exports[`ErrorFallback test cases should render correctly with message 1`] = `
<DocumentFragment>
  <div
    class="flex flex-col h-full gap-4 items-center justify-center"
  >
    <img
      alt="UnavailableImage"
      data-nimg="1"
      decoding="async"
      fetchpriority="high"
      height="160"
      src="http://localhost/_next/image?url=%2Fimages%2Ferror.png&w=384&q=75"
      srcset="/_next/image?url=%2Fimages%2Ferror.png&w=256&q=75 1x, /_next/image?url=%2Fimages%2Ferror.png&w=384&q=75 2x"
      style="color: transparent; object-fit: cover;"
      width="160"
    />
    <h2
      class="text-foreground text-2xl text-center"
    >
      Oops! There is something wrong
    </h2>
    <p
      class="text-foreground-100 text-lg text-center"
    >
      An error occurred. For more help, feel free to reach out to our support team.
    </p>
    <p
      class="text-foreground-100 text-lg text-center whitespace-pre-line"
    >
      Detail error:
      <br />
      <span
        class="text-danger-100"
      >
        mock error message
      </span>
    </p>
    <p
      class="text-foreground text-lg text-center"
    >
      Please 
      <span
        class="text-sky hover:underline cursor-pointer"
      >
        reset the page 
      </span>
      or 
      <a
        class="text-sky hover:underline"
        href="/dashboard"
      >
        back to home
      </a>
    </p>
  </div>
</DocumentFragment>
`;
