// Jest Snapshot v1, https://goo.gl/fbAQLP

exports[`ActivityFeedList test cases should render correctly 1`] = `
<DocumentFragment>
  <div
    class="flex flex-col relative overflow-hidden text-foreground box-border outline-none data-[focus-visible=true]:z-10 data-[focus-visible=true]:outline-2 data-[focus-visible=true]:outline-focus data-[focus-visible=true]:outline-offset-2 shadow-medium rounded-large transition-transform-background motion-reduce:transition-none bg-background-200 h-fit w-full p-4 md:py-5"
    tabindex="-1"
  >
    <p
      class="text-primary-100 font-semibold text-lg text-ellipsis whitespace-nowrap overflow-hidden leading-9"
    >
      Activity Feed
    </p>
    <div
      class="flex flex-col items-center"
    >
      <div
        class="flex flex-col relative gap-4 w-full"
      >
        <div
          class="z-0 flex flex-col relative justify-between gap-4 overflow-auto rounded-large w-full bg-transparent-200 shadow-none p-0 pt-4"
        >
          <table
            aria-describedby=""
            aria-label="Table"
            class="min-w-full h-auto table-auto w-full"
            id="activity-feed"
            role="grid"
            tabindex="0"
          >
            <thead
              class="[&>tr]:first:rounded-lg hidden"
              role="rowgroup"
            >
              <tr
                class="group outline-none data-[focus-visible=true]:z-10 data-[focus-visible=true]:outline-2 data-[focus-visible=true]:outline-focus data-[focus-visible=true]:outline-offset-2"
                role="row"
              >
                <th
                  class="group px-3 h-10 align-middle bg-default-100 whitespace-nowrap text-foreground-500 text-tiny font-semibold first:rounded-s-lg last:rounded-e-lg data-[sortable=true]:cursor-pointer data-[hover=true]:text-foreground-400 outline-none data-[focus-visible=true]:z-10 data-[focus-visible=true]:outline-2 data-[focus-visible=true]:outline-focus data-[focus-visible=true]:outline-offset-2 text-start"
                  data-key="sender"
                  id="activity-feed-sender"
                  role="columnheader"
                  tabindex="-1"
                >
                  Sender
                </th>
                <th
                  class="group px-3 h-10 align-middle bg-default-100 whitespace-nowrap text-foreground-500 text-tiny font-semibold first:rounded-s-lg last:rounded-e-lg data-[sortable=true]:cursor-pointer data-[hover=true]:text-foreground-400 outline-none data-[focus-visible=true]:z-10 data-[focus-visible=true]:outline-2 data-[focus-visible=true]:outline-focus data-[focus-visible=true]:outline-offset-2 text-start"
                  data-key="status"
                  id="activity-feed-status"
                  role="columnheader"
                  tabindex="-1"
                >
                  Status
                </th>
              </tr>
              <tr
                aria-hidden="true"
                class="w-px h-px block"
                style="margin-left: 0.25rem; margin-top: 0.25rem;"
                tabindex="-1"
              />
            </thead>
            <tbody
              role="rowgroup"
            >
              <tr
                aria-labelledby="activity-feed-1-sender"
                class="group outline-none data-[focus-visible=true]:z-10 data-[focus-visible=true]:outline-2 data-[focus-visible=true]:outline-focus data-[focus-visible=true]:outline-offset-2"
                data-first="true"
                data-key="1"
                role="row"
                tabindex="-1"
              >
                <td
                  class="relative align-middle whitespace-normal text-small font-normal [&>*]:z-1 [&>*]:relative outline-none data-[focus-visible=true]:z-10 data-[focus-visible=true]:outline-2 data-[focus-visible=true]:outline-focus data-[focus-visible=true]:outline-offset-2 before:content-[''] before:absolute before:z-0 before:inset-0 before:opacity-0 data-[selected=true]:before:opacity-100 group-data-[disabled=true]:text-foreground-300 group-data-[disabled=true]:cursor-not-allowed before:bg-default/60 data-[selected=true]:text-default-foreground first:before:rounded-s-lg last:before:rounded-e-lg text-start p-0 pb-6"
                  data-key="table-row-cell-sender"
                  headers="activity-feed-sender"
                  id="activity-feed-1-sender"
                  role="cell"
                  tabindex="-1"
                >
                  <div
                    class="flex gap-3 justify-items-start ml-1"
                  >
                    <span
                      class="box-border overflow-hidden outline-none rounded-full ring-offset-background dark:ring-offset-background-dark shrink-0 min-w-8 w-8 h-8 bg-undefined ring-offset-2 ring-1 ring-green false"
                      data-testid="avatar-container"
                      tabindex="-1"
                    >
                      <img
                        alt=""
                        blurdataurl="data:image/jpeg;base64,/9j/4AAQSkZJRgABAQEBLAEsAAD/4QELRXhpZgAASUkqAAgAAAADAA4BAgDBAAAAMgAAABoBBQABAAAA8wAAABsBBQABAAAA+wAAAAAAAABBYnN0cmFjdCBCYWNrZ3JvdW5kLiBTb2Z0ICBncmVlbiBhbmQgYmx1ZSBjb2xvciB2ZWN0b3IgYWJzdHJhY3QgYmFja2dyb3VuZCBmb3Igd2ViZGVzaWduLCBwb3N0ZXIsIGJhbm5lci4gTW9kZXJuIHdhbGxwYXBlciB3aXRoIGdyYWRpZW50LiBCcmFuZCAgQ29sb3JmdWwgdGVtcGxhdGUsIHN1bW1lciBhbmQgc3ByaW5nIHNhbGUgcG9zdGVyLAEAAAEAAAAsAQAAAQAAAP/hBjxodHRwOi8vbnMuYWRvYmUuY29tL3hhcC8xLjAvADw/eHBhY2tldCBiZWdpbj0i77u/IiBpZD0iVzVNME1wQ2VoaUh6cmVTek5UY3prYzlkIj8+Cjx4OnhtcG1ldGEgeG1sbnM6eD0iYWRvYmU6bnM6bWV0YS8iPgoJPHJkZjpSREYgeG1sbnM6cmRmPSJodHRwOi8vd3d3LnczLm9yZy8xOTk5LzAyLzIyLXJkZi1zeW50YXgtbnMjIj4KCQk8cmRmOkRlc2NyaXB0aW9uIHJkZjphYm91dD0iIiB4bWxuczpwaG90b3Nob3A9Imh0dHA6Ly9ucy5hZG9iZS5jb20vcGhvdG9zaG9wLzEuMC8iIHhtbG5zOklwdGM0eG1wQ29yZT0iaHR0cDovL2lwdGMub3JnL3N0ZC9JcHRjNHhtcENvcmUvMS4wL3htbG5zLyIgICB4bWxuczpHZXR0eUltYWdlc0dJRlQ9Imh0dHA6Ly94bXAuZ2V0dHlpbWFnZXMuY29tL2dpZnQvMS4wLyIgeG1sbnM6ZGM9Imh0dHA6Ly9wdXJsLm9yZy9kYy9lbGVtZW50cy8xLjEvIiB4bWxuczpwbHVzPSJodHRwOi8vbnMudXNlcGx1cy5vcmcvbGRmL3htcC8xLjAvIiAgeG1sbnM6aXB0Y0V4dD0iaHR0cDovL2lwdGMub3JnL3N0ZC9JcHRjNHhtcEV4dC8yMDA4LTAyLTI5LyIgeG1sbnM6eG1wUmlnaHRzPSJodHRwOi8vbnMuYWRvYmUuY29tL3hhcC8xLjAvcmlnaHRzLyIgcGhvdG9zaG9wOkNyZWRpdD0iR2V0dHkgSW1hZ2VzIiBHZXR0eUltYWdlc0dJRlQ6QXNzZXRJRD0iMTMzNTc1NzQ4MyIgeG1wUmlnaHRzOldlYlN0YXRlbWVudD0iaHR0cHM6Ly93d3cuaXN0b2NrcGhvdG8uY29tL2xlZ2FsL2xpY2Vuc2UtYWdyZWVtZW50P3V0bV9tZWRpdW09b3JnYW5pYyZhbXA7dXRtX3NvdXJjZT1nb29nbGUmYW1wO3V0bV9jYW1wYWlnbj1pcHRjdXJsIiBwbHVzOkRhdGFNaW5pbmc9Imh0dHA6Ly9ucy51c2VwbHVzLm9yZy9sZGYvdm9jYWIvRE1JLVBST0hJQklURUQtRVhDRVBUU0VBUkNIRU5HSU5FSU5ERVhJTkciID4KPGRjOmNyZWF0b3I+PHJkZjpTZXE+PHJkZjpsaT5BbnplbGEgS3Nlbm9mb250b3ZhPC9yZGY6bGk+PC9yZGY6U2VxPjwvZGM6Y3JlYXRvcj48ZGM6ZGVzY3JpcHRpb24+PHJkZjpBbHQ+PHJkZjpsaSB4bWw6bGFuZz0ieC1kZWZhdWx0Ij5BYnN0cmFjdCBCYWNrZ3JvdW5kLiBTb2Z0ICBncmVlbiBhbmQgYmx1ZSBjb2xvciB2ZWN0b3IgYWJzdHJhY3QgYmFja2dyb3VuZCBmb3Igd2ViZGVzaWduLCBwb3N0ZXIsIGJhbm5lci4gTW9kZXJuIHdhbGxwYXBlciB3aXRoIGdyYWRpZW50LiBCcmFuZCAgQ29sb3JmdWwgdGVtcGxhdGUsIHN1bW1lciBhbmQgc3ByaW5nIHNhbGUgcG9zdGVyPC9yZGY6bGk+PC9yZGY6QWx0PjwvZGM6ZGVzY3JpcHRpb24+CjxwbHVzOkxpY2Vuc29yPjxyZGY6U2VxPjxyZGY6bGkgcmRmOnBhcnNlVHlwZT0nUmVzb3VyY2UnPjxwbHVzOkxpY2Vuc29yVVJMPmh0dHBzOi8vd3d3LmlzdG9ja3Bob3RvLmNvbS9waG90by9saWNlbnNlLWdtMTMzNTc1NzQ4My0/dXRtX21lZGl1bT1vcmdhbmljJmFtcDt1dG1fc291cmNlPWdvb2dsZSZhbXA7dXRtX2NhbXBhaWduPWlwdGN1cmw8L3BsdXM6TGljZW5zb3JVUkw+PC9yZGY6bGk+PC9yZGY6U2VxPjwvcGx1czpMaWNlbnNvcj4KCQk8L3JkZjpEZXNjcmlwdGlvbj4KCTwvcmRmOlJERj4KPC94OnhtcG1ldGE+Cjw/eHBhY2tldCBlbmQ9InciPz4K/+0BDFBob3Rvc2hvcCAzLjAAOEJJTQQEAAAAAADvHAJQABNBbnplbGEgS3Nlbm9mb250b3ZhHAJ4AMFBYnN0cmFjdCBCYWNrZ3JvdW5kLiBTb2Z0ICBncmVlbiBhbmQgYmx1ZSBjb2xvciB2ZWN0b3IgYWJzdHJhY3QgYmFja2dyb3VuZCBmb3Igd2ViZGVzaWduLCBwb3N0ZXIsIGJhbm5lci4gTW9kZXJuIHdhbGxwYXBlciB3aXRoIGdyYWRpZW50LiBCcmFuZCAgQ29sb3JmdWwgdGVtcGxhdGUsIHN1bW1lciBhbmQgc3ByaW5nIHNhbGUgcG9zdGVyHAJuAAxHZXR0eSBJbWFnZXMA/9sAQwAKBwcIBwYKCAgICwoKCw4YEA4NDQ4dFRYRGCMfJSQiHyIhJis3LyYpNCkhIjBBMTQ5Oz4+PiUuRElDPEg3PT47/9sAQwEKCwsODQ4cEBAcOygiKDs7Ozs7Ozs7Ozs7Ozs7Ozs7Ozs7Ozs7Ozs7Ozs7Ozs7Ozs7Ozs7Ozs7Ozs7Ozs7Ozs7/8IAEQgBfgJkAwERAAIRAQMRAf/EABoAAQEBAQEBAQAAAAAAAAAAAAABBQIDBAb/xAAYAQEBAQEBAAAAAAAAAAAAAAAAAQQCA//aAAwDAQACEAMQAAAB/WeXMQALIKJKlgliyUslkpZEVLBLAJRBAABAKgBKEBAkFRASBIgSRCEkhCREhBJCEBEAAG/zuAAlgUSVLFkFkqWLJRJZKUSWASiCAACAVACUICAiKgQRCQISSEJESCInJIESEAIgAG/zuAAlgWQWSlkokslLJSyJKVEWCUCCAACAVACUICAiCUQRBEIJIQkRISIRISIghAAQA3+doEFgCyCyUslRFkpZLJRJSyCwSgQQAAQKqAEoRBASiQEQgiAkRJEIRJEIgkQiCAgABu87QQKCoglipYsgslSxZKJKWQWCUQCAAFgoQEoCBJQgIgiAkCEiCSEISSEISQQgSAAA3OdgChBYJRJYqWKiSxUsVEWSgsgsAgAALBQgJQgJQEQQJBZIWIJEJAiQkRIQkEhACAAht86woAioLJRJYqWKiKliyUSUsgFgEAAKIKgIKEFQEBKIIEgQgkhCQIkiEIkEQEQAQA2JqAAUCSlkokpZKJLFSxZBUsCwQCkACwCoCUIFVEEBKECCICQISIEhIiCEIJICAAA1ppACogVEUslElLJRJSyWKJKCyAAAAsFCAlogqAlCAERUggJEBBEIREQhAkEQAEQVdOaCBQEoioLJYoSxZKJKWKiKJKAAAAsFQKqAlCKJRICUBEAiAhBJAQhIJCAgkEAANF7gAElBZKCyUSUsWSgslEVEUApAAsFCKqAlFgJQgoQECASxBASICAkkBARBAACH3z2AIoQWBURSyUSUsVEUsgsUBCgARQqBVQgtEFQLKECKgAIgICQIEgJAhEAgAIE+yeoAUQSgsEsUsgslLAqWBYJQAoAiqEVUCyoKLAShBQEAJRACSCAgICIiAEABEH0z0IoAKgsCyCxQlilkFigsgoACiC0QWwEtEVUFRRKAEoAQIAIgBAQJAQRAAkAPZ0AAokFEVKIokpSwLIKIoKAFgosFsBLRFVBbAKihUAIKABBAEBEEAICASQAHYAFASwKIqCxQligsCiSqAAVQiiWiWiKqC0RVQCooVAAABUQAiAQEASAEAAkACwCUFgURUFigsgpRAoUAsoolFgtEtgtgVUFsAosAFAQAAIAQEAIgEAAOJwAoCCwKCwKiKUFgURQAFC0RQtgtgtgtgWUVUCqgVQAgFAAAEAIEgBAARB5ThQIIKAWBQWBQlgtBRAoCqigqoololpZRZRZRVCKoFEoAoAUQABIAQAgCQA+Z5AABRAoKIFKCwBQWCgLQUS0FlFlololpZRVRQosFFAC0AAAEABAQIIAAfG8QCAKAUCKCiKChRQIKooKosFpZRZaJaWUWUULYBaAtAKAoAAAgBEEAIClrPmcAAKAWAKCiKFFAWgKChbAqopVRVsFstEVaJaFFBVAqigAABQQSgIAkAB26y5lABFABQCiKFFAWgKAULSiWlEtEtKtgtiqirQqKFoKFtAUKAKCAUIEgIAEL2uTMgAAUAogVQBQqLQKKoKJaCrYqixVS0stEtKqKooWgoWgFotABQolEEBAkBAU6XImQAALAAoUUAqoC2gKClUUS0pVRVsFstKJaWUVaFoi2igoC2gWgAUAIkBARAB0uNMYAAtABQoFEoLQLQUFUUoWlloWxVsFsVaJaWUVaAtKKFUUFtFAFACAhEECCFXoxJjAAFFAgtAC0BQW0UFC0olpSqirSyiy0stC2WlC0LQUFVVAKqqABQAhCIIEAL0YcxAACigBRVAFUFBVFFWWgq0sopVsVbKLLSqirSqKFoKCqLQFUWgC2hEEIRBAkBTpcKYgABQKAoFUFFUFC0FWgpZaFpZaVbBbFWllFWlVFC2hQVQqhaBVAAoQgSECQAHS4UwgAChQLQFFCgpQW1FqqLFKoq2KtLLQtirYqirYqihaKFC0FoFoFUAgFRIQJAQFOlwZhAAFABRQoWiqClC0oWlKosVaWWlVFWrYq0LYoWgqiiqoFAqgFVQEQQEqIIEgKdusCYCgEKKAUUKCqLVBVoKVbAq0q0sVaJatLLSqLLShaCqKC0UCgVQAKgBCIIEgIBXouBzhACgKFFBRVBVFKCrShaUq0stC0sVatiqKtiqKULQVRQKqgAWgBBRICEQQiAQp6OsCYQAFUAFUUFqgqilKopVpSy0LSrYq0stC0q2BVpQtBVAFFAUAlpAIKiCAiQEQCno6wJiAAFAqgoWgpaLSgq0pVsVRSrSy0q0S0q0stBVoKooUCgUAAFARAISwQgSAgSr6LgzEAAKoFoUFKopSqKVaULSrSllpVpZRVpVsVRSqihaBVUAUCoAEEoRBCCyECQAApizIAAKCqKC0KVRSrShaUq0q0sVaVbBaVaWUUq0S0FUUAtAACUAIEgqJAQiCBIAKGPzlUAKAUFUUtCrShaUq0pZaVaUq0S0q0q2C0pVRVoBVAoFAACUQQgSEqIIRBAggBTHmYhaBQFKCqKUW0pYq0pVoWlWlKtirSrSyirSlVFC0AqgBQABIKgSEIglRICJACIBVyJlFAUUUKClC0q0oKtKVaVaVaWKtKtKtEtKtLBaCqKAVQAsEAILIQJCESEQQlggABTJmYACgLQWqCrShaUq0pVpVpVsUq0q0q2C0pVRVoKoFAAULBACIJUSEQQiQiQgsEABVypmAoAKCqqlKopVpSrSlWllpSrVoKtLLSrSiWlUUFUCgAEAqIIEhKiQiQiQgSEARUBTMngABQCgq0FWlqxbaVaUL1FWlKoq0q0stKtC2KVRQVQAKCAEokCQhElQiRIRIRIAQAFMx4AUAoBSqKVaUFWlWlKtKtKVaVatKWWlWgstKFoC0AAAgFkBEhEhCWQiRIRIQBIACma8QBQCgoKtKVRSrSrSlWlWlKtWlKtirSrRFWgqigLQACAJKEIgiQiQ5shEhEgSAEABnvEACgoKCrShaUq0q0pVpVpVpVpSy0q0qixVFKooCigEASAlEhCJCJCWRIRIQiQABBF+B4ghQKClC0pQtKVaVaUq0q0q0pVsVaVaVRYqilUUBQAACQEokIkIRIkrlIRIRBAkAAPgeRAUUFBQtKVaDoLSrSrToq0LTpaIq0q06X0vVC0RVAoAAAoQ4nPKQgSETklkSESEIggSAAH//EABkQAQEAAwEAAAAAAAAAAAAAABEAEkCgkP/aAAgBAQABBQLpQODZ9wSxiIiIiIiIiIjY/8QAGBEBAQADAAAAAAAAAAAAAAAAEQAQQLD/2gAIAQMBAT8B7I5ERERGTf8A/8QAFBEBAAAAAAAAAAAAAAAAAAAAsP/aAAgBAgEBPwFnD//EABQQAQAAAAAAAAAAAAAAAAAAALD/2gAIAQEABj8CZw//xAAeEAEBAAMAAgMBAAAAAAAAAAARAAEQYCBwMECQgP/aAAgBAQABPyHOfwaPcZHDGiIjhT4SIjgjwIiNkRwRERERERo4MiNERERHDkRx5EcGREeJxREaI9MnGsflrjjcWOMxY4d8cWOMxmxwZmZ27Z4FnxfJ4V07dvpVmZ45n+8sYsfSv8Hzj6//2gAMAwEAAgADAAAAENQEeHLs8LD1VWoT/wC3+a3RBHxYYaHyezeRtQUkkkkK4OU56GL4KtQn/wDv81uiCLmEQwnk1qdyckFJJACVxxhieMDg1Uhf/wDf5rdNGXcoohGSiUidyJAJIANajnCM8THjioC/97+ESg7yho/FAr9L9SlyTZINv6hVxTmoY8cVC39vWAikGdMHfzzNGxP5OljbaS2yMRFxR+uM5nqVtt6wGUGUA7z51SpkQnZm+hJBNoAxjHxR1nHD8WstqWEfo4p6hEMhGbgX5asrSbbbb4njHDF1zxcXtFtGxrp+FfdG66chsTuyI+9AACkheODHjHlY4jtksoxPcWNdEy43T+ahK1oaskv1myVOMqVDHiOHUkktWPQjpyh7sFoshHyZm6I3/wD8khO43GPQxGMcJBIViUK6MoeBFulc0/CD9YU2kCTZk6odGPUfHchZJHsej+Ez1BuaQOiDKGjJemACX7YNzFcHOVKoubZK8Hh1PRlX6X2pSDvmiCvpZIW729DVHcLg4lHzbQuBxXHhzFa3SRu2v8wQ0xbJ/wDkiQOjE4ehR08Qkr0YRx4cRmIRv2gEyWFNIggf/wCS2ArwzqFZrg4kvxOccOPDw7MxtbbQtlSYJDSbZQkiXMWGdyj5L5CasdHjHHR4nI3ZJv23WsJBaJIA2wFr4ix/MeGS/wB4dxxxxVUOj8AX/bbZLZZ+mQClAE+3XzFhXhBsmjOjnHlVVcDiUrbNtLbJ9vpZP9W2bS+6foItBWl5U51VHHVUJivZmwAXtv8Aay3f+Skl/swT+nvmQX6z4jxVRxVWMbxsEpIm2yWy7+Wyttm02r809qEwEFMXGo8dw4OclolEANv+zdIgNJsAAZL0mntYmAyXeRyOO4c46I327QNIkyWwENMgMBJaQSF9KUzGygpz8arOqOY67grz/MBvaUpohpkMACSJbuQGheAgpEOxHDmJ1Xhh4hr+Ng20gFsgtNts/wCANIlK+Tkl1k4UYw4wdV0vsjR3wAkSRBKITQZJtkB+T+T3xBTIdiPirrnczDBn1D+oL/bQJTCSDbb+yb1S3TX1nU/AvayrqPiIYIesT1jfgKRKobSQBJkhItB3TTD0JU5cw59V4RnhTRqYtRf6RCIbBaSTa0sBlIO3xyJyLOCjLOqGk87TFyclAXsDIYJBAALSX2a8oaXm8CJ0Uz9GjE4es6JX6f0AO+hRDSQQBZAsjTVobBaF9wGj9URciBRHyJG6W2bEu80soW37aZBlTRs/m97Cnp+GrGpTDRX6BNiUsDQut+90kloDaIsDRKRbCU9Z0U5QvCYSBMzaW5e9KYDB2X0klkoaYMjAbLQ1rLmDrClQKIZItLb/ACC9KkQ0QrkkvpYQ0iNrdNyyVMFeUNWjPL0SZISZuCvYyGwAUkSd9ZY2i0AyWUBoh7gr2HLrL8klu2LPg9LrPtSqSQTv7YWAyWEppEHeUPej5frZs2tKEjNymV5v/vfJCSPrZyFptPeSz6grwEd4/pLSQJ8QndCwX5f9ft7IQWvdJff7yyfNEHaF59Q2hJE0rEwlfdqmABNN/t5Ymwnb7+EEJogh6EdLrUl/amRdCygNPYmQSbZL99SkSiEAgpNIWXfE7rOiUlt/CvPyyy3NZM2kCbJd/P5FggGNJqyy7gzNZ0CSkZKGN7yWyj/rbZSQCJfrdJ/ff77fWSXEG5vEwCQJbGg7/WUgjJ/v8CQCLP5tb77ffa2SzogdKiGwABbOiUNNWUWHpbbACQQZ/J7fNJ76yyVdMTr0QmQASPuGT74EECzJMwAiQQPJPb5pPfWSzpgidfikySTR9Qg5JiyymG9tgkQQV6NLvffYgyAfWGgw9bP/AP7IhMjTwJIFENJJ/8QAHhEAAgICAwEBAAAAAAAAAAAAABEBYBAwcICQIED/2gAIAQMBAT8Q92FlaV8LhdZVCWlCpKELCFy4quheH8dXIIob1RTIkiaa6Qx0ZjHw0xjqj75QRoAELBCEIQhE/n//xAAdEQADAAICAwAAAAAAAAAAAAAAAREgYBAwQJCw/9oACAECAQE/EG72oQtJXK01CxWhLJaStKWa0hdS9g9+K9CEIQhCEIQhCEIQnkf/xAAfEAEBAQEBAQADAQEBAAAAAAAAAREQIDAhMUBRQVD/2gAIAQEAAT8QrfjfN5e1fF7fp/36XlVVVVVVVVVV5f4Ly9vmry8vb9P+/Ory9qqqqqqqqvL/ABXlXlXl83+mryqvKqqqqqqqqvMYxjGfOqq+b2/23zVVVixYsWKsWeMYxjGMa35VeVe3t/8AAvKqxVWKsWLFixYsYxnMYxnvfhV5v/hWMYsVYsWLFixYsWLFixYxjGMYsZ3Wt7vi9t5eX63+LPGcsWLFixYsWLFixYxjGMYxjONa1rWt7at7b2+b8r/HjGMYsWLFixYsWLFixYxjGMYxjGNa3xrVrWtb63+jOYzucxnMYsYsYsYsWLFixYxjGMYxjGNa1rWta1rfdvnf5cYzmdxjGMYsWMYsWLGLFixjGMZ0xjGta1rWta1rW935798Z3GMYxjGMYxYxjFjFjGLFLPIYxjGNa1rWta1rebzeWt8b/NncYxjGMYxjGMYxjFMYxjGMZ5DGta1rWta1rebzfO/04xjGMYxjGMYxjFjGKYxnkMZ4Gta1rWta1rWtbzeb/Nnc7jGMYxjGMYxjGMYxnzADONa1rWta1rWta1rf4Z8M9YxjGMYxjGMYxjGMZ4GfABrWta1rWta1rfW834T3PWMYzmMYxjGMYxjGMYxjGMYxngYxjGta1rWta3uta1rW/wAE5POeMYxjGMZzGMYxjGMYxjGMYxjGeBrWta1rWta1rf6Z6zuMYxjGMYxjGMYxjGeQxjGcWc1rWta1rWta1rWta34z4Ts+GMYzmMYxjGMYxjGMYxjGM8DF461rWta1rWta37T1ORETk7nM5GM5jGMYxjGMYxjGMYxjGMYxnNa1rWta1rW835zs9Tk5OREZzOZ4zuMYxjGMYxjGMYxjGMYxNJtrWta1rW81rWta35z1OTk5ETk8ZzGMZzGMYxjGMYxjGMYxjGMQk/DWta1rWta1rea3u+p4icnYiIicicnZzO5zGM5jGMYxjGMYxjGMYifprWta1rWta1rWta1vNbyeIicnIiciJ2cnZ2es7ncYxjGMZzGcxIn6a1rWta1vNa1vznYicnJyciIiJyJ8M85zO4zuLOWM5nIn6a1rWta1rW81rWtbzW9idnYnJyciIiJ2eJ4nxxnMZy9viftP01rWta1rWta1rWta1vJfMRORERE5OTkROTk5E8TxPhe31P2n6a1rWta1rWta3mt7vZeTk5ERERE5ORERPE7OzzPhfF8xP01rWta1rWta1rWta1qInJezkRERE5OTkRPE8T5bzW8t5VW81vIn6a1rWta1rWta1vNalaiciIiIiIiIiJydicnJ4nJ61vda1atWrWta1qVP01rWta1rWta1rWt7qXk5ERETkRE5ERE5OTs7PW91rWta1q1a1ata1qvyl/DWta1rWta1rWtS8lS8iVETkRERERETsRE5Ozs7vjWta1rWtWrVrWta1qvyr8Na1rWta1rea1K1qXkqJyIiIiIiIiIiJycnJyd1rea1rWta1rWtWrVrWrWtapX4a1rWta1rWta1K3s5ERERERERERERERE7PGt5rWta1rWta1q1a1q3jWtar8q/DWta1rWta3mpeRKiIiJyIiIiIiInInJycnre61rWta1rWtatWrVrWta1+RDGta1rea1vJeyt5E5E5ERERERERORETkTk8b3Wta1rWta1a1apS8NbxrUJeftrWtbzW91qVKiIiJURERERERERORERE5OTu81rWta1rWta1avC1q1vGta1vGt8a3krW8l5Kl5KiIiIiIiIiIiciIiJycl7rWtbzWta1q1atWrVq1bxbxreNbxrWtb3UrUvZUqIiIiIiIiIiIiInZyeJ8Na1rWtatWrWrVq1ata1rWta3uta1vZyVKiIiVERERERERERERORE5OT461rVrWrVq1atWrVq1rfIb8dTkvIiIiIiIiIiIiIiIiIiIny1rWt5rWqtWrVq1atWrVrWta1Ce+8lbyVERERERERE5ERERETk5OT661rVq1atWrVq1atWta1rWtb5nmcnIiciIiIiIiIiIiInJycn8Fq1atWrVq1atWrWta1rW+da3sRPERERERERERERERERORE+O+7VWqtWrVq1atWt5rWtSt9zkTkTkRERERERERERERERE5Ple721VVaqrVqrVVa1vda33E5ORERERERERERERERERERE5PlV5qqqqqqqqq+N+k5ERERERERERORERE5ERORE5Pne1VVVVVVeVf4JyIiIiIiIiIkSMT9oxETkbVGz9pH+s/6z/rH+sf6x/rH+sMMsssssf6x/qxjLtVVVa1aqr4vr//2Q=="
                        class="aspect-square"
                        height="48"
                        placeholder="blur"
                        src="/upload/300"
                        style="object-fit: cover;"
                        width="48"
                      />
                    </span>
                    <div
                      class="flex flex-col mr-8"
                    >
                      <p
                        class="text-primary-200 font-medium text-ellipsis whitespace-nowrap overflow-hidden text-2xs md:text-xs text-wrap"
                      >
                         updated at Sep 12, 2024 9:00 am
                      </p>
                      <p
                        class="text-primary-300 font-normal text-2xs text-ellipsis whitespace-nowrap overflow-hidden"
                      >
                        a month ago
                      </p>
                    </div>
                  </div>
                </td>
                <td
                  class="relative align-middle whitespace-normal text-small font-normal [&>*]:z-1 [&>*]:relative outline-none data-[focus-visible=true]:z-10 data-[focus-visible=true]:outline-2 data-[focus-visible=true]:outline-focus data-[focus-visible=true]:outline-offset-2 before:content-[''] before:absolute before:z-0 before:inset-0 before:opacity-0 data-[selected=true]:before:opacity-100 group-data-[disabled=true]:text-foreground-300 group-data-[disabled=true]:cursor-not-allowed before:bg-default/60 data-[selected=true]:text-default-foreground first:before:rounded-s-lg last:before:rounded-e-lg text-start p-0 pb-6"
                  data-key="table-row-cell-status"
                  headers="activity-feed-status"
                  role="cell"
                  tabindex="-1"
                >
                  <div
                    class="bg-success text-white dark:text-success dark:bg-opacity-20 w-fit px-2 rounded-md text-center leading-[27px] max-w-[64px]"
                  >
                    <p
                      class="text-2xs font-semibold capitalize"
                    >
                      new
                    </p>
                  </div>
                </td>
              </tr>
              <tr
                aria-labelledby="activity-feed-2-sender"
                class="group outline-none data-[focus-visible=true]:z-10 data-[focus-visible=true]:outline-2 data-[focus-visible=true]:outline-focus data-[focus-visible=true]:outline-offset-2"
                data-key="2"
                data-last="true"
                data-odd="true"
                role="row"
                tabindex="-1"
              >
                <td
                  class="relative align-middle whitespace-normal text-small font-normal [&>*]:z-1 [&>*]:relative outline-none data-[focus-visible=true]:z-10 data-[focus-visible=true]:outline-2 data-[focus-visible=true]:outline-focus data-[focus-visible=true]:outline-offset-2 before:content-[''] before:absolute before:z-0 before:inset-0 before:opacity-0 data-[selected=true]:before:opacity-100 group-data-[disabled=true]:text-foreground-300 group-data-[disabled=true]:cursor-not-allowed before:bg-default/60 data-[selected=true]:text-default-foreground first:before:rounded-s-lg last:before:rounded-e-lg text-start p-0"
                  data-key="table-row-cell-sender"
                  headers="activity-feed-sender"
                  id="activity-feed-2-sender"
                  role="cell"
                  tabindex="-1"
                >
                  <div
                    class="flex gap-3 justify-items-start ml-1"
                  >
                    <span
                      class="box-border overflow-hidden outline-none rounded-full ring-offset-background dark:ring-offset-background-dark shrink-0 min-w-8 w-8 h-8 bg-undefined ring-offset-2 ring-1 ring-green false"
                      data-testid="avatar-container"
                      tabindex="-1"
                    >
                      <img
                        alt=""
                        blurdataurl="data:image/jpeg;base64,/9j/4AAQSkZJRgABAQEBLAEsAAD/4QELRXhpZgAASUkqAAgAAAADAA4BAgDBAAAAMgAAABoBBQABAAAA8wAAABsBBQABAAAA+wAAAAAAAABBYnN0cmFjdCBCYWNrZ3JvdW5kLiBTb2Z0ICBncmVlbiBhbmQgYmx1ZSBjb2xvciB2ZWN0b3IgYWJzdHJhY3QgYmFja2dyb3VuZCBmb3Igd2ViZGVzaWduLCBwb3N0ZXIsIGJhbm5lci4gTW9kZXJuIHdhbGxwYXBlciB3aXRoIGdyYWRpZW50LiBCcmFuZCAgQ29sb3JmdWwgdGVtcGxhdGUsIHN1bW1lciBhbmQgc3ByaW5nIHNhbGUgcG9zdGVyLAEAAAEAAAAsAQAAAQAAAP/hBjxodHRwOi8vbnMuYWRvYmUuY29tL3hhcC8xLjAvADw/eHBhY2tldCBiZWdpbj0i77u/IiBpZD0iVzVNME1wQ2VoaUh6cmVTek5UY3prYzlkIj8+Cjx4OnhtcG1ldGEgeG1sbnM6eD0iYWRvYmU6bnM6bWV0YS8iPgoJPHJkZjpSREYgeG1sbnM6cmRmPSJodHRwOi8vd3d3LnczLm9yZy8xOTk5LzAyLzIyLXJkZi1zeW50YXgtbnMjIj4KCQk8cmRmOkRlc2NyaXB0aW9uIHJkZjphYm91dD0iIiB4bWxuczpwaG90b3Nob3A9Imh0dHA6Ly9ucy5hZG9iZS5jb20vcGhvdG9zaG9wLzEuMC8iIHhtbG5zOklwdGM0eG1wQ29yZT0iaHR0cDovL2lwdGMub3JnL3N0ZC9JcHRjNHhtcENvcmUvMS4wL3htbG5zLyIgICB4bWxuczpHZXR0eUltYWdlc0dJRlQ9Imh0dHA6Ly94bXAuZ2V0dHlpbWFnZXMuY29tL2dpZnQvMS4wLyIgeG1sbnM6ZGM9Imh0dHA6Ly9wdXJsLm9yZy9kYy9lbGVtZW50cy8xLjEvIiB4bWxuczpwbHVzPSJodHRwOi8vbnMudXNlcGx1cy5vcmcvbGRmL3htcC8xLjAvIiAgeG1sbnM6aXB0Y0V4dD0iaHR0cDovL2lwdGMub3JnL3N0ZC9JcHRjNHhtcEV4dC8yMDA4LTAyLTI5LyIgeG1sbnM6eG1wUmlnaHRzPSJodHRwOi8vbnMuYWRvYmUuY29tL3hhcC8xLjAvcmlnaHRzLyIgcGhvdG9zaG9wOkNyZWRpdD0iR2V0dHkgSW1hZ2VzIiBHZXR0eUltYWdlc0dJRlQ6QXNzZXRJRD0iMTMzNTc1NzQ4MyIgeG1wUmlnaHRzOldlYlN0YXRlbWVudD0iaHR0cHM6Ly93d3cuaXN0b2NrcGhvdG8uY29tL2xlZ2FsL2xpY2Vuc2UtYWdyZWVtZW50P3V0bV9tZWRpdW09b3JnYW5pYyZhbXA7dXRtX3NvdXJjZT1nb29nbGUmYW1wO3V0bV9jYW1wYWlnbj1pcHRjdXJsIiBwbHVzOkRhdGFNaW5pbmc9Imh0dHA6Ly9ucy51c2VwbHVzLm9yZy9sZGYvdm9jYWIvRE1JLVBST0hJQklURUQtRVhDRVBUU0VBUkNIRU5HSU5FSU5ERVhJTkciID4KPGRjOmNyZWF0b3I+PHJkZjpTZXE+PHJkZjpsaT5BbnplbGEgS3Nlbm9mb250b3ZhPC9yZGY6bGk+PC9yZGY6U2VxPjwvZGM6Y3JlYXRvcj48ZGM6ZGVzY3JpcHRpb24+PHJkZjpBbHQ+PHJkZjpsaSB4bWw6bGFuZz0ieC1kZWZhdWx0Ij5BYnN0cmFjdCBCYWNrZ3JvdW5kLiBTb2Z0ICBncmVlbiBhbmQgYmx1ZSBjb2xvciB2ZWN0b3IgYWJzdHJhY3QgYmFja2dyb3VuZCBmb3Igd2ViZGVzaWduLCBwb3N0ZXIsIGJhbm5lci4gTW9kZXJuIHdhbGxwYXBlciB3aXRoIGdyYWRpZW50LiBCcmFuZCAgQ29sb3JmdWwgdGVtcGxhdGUsIHN1bW1lciBhbmQgc3ByaW5nIHNhbGUgcG9zdGVyPC9yZGY6bGk+PC9yZGY6QWx0PjwvZGM6ZGVzY3JpcHRpb24+CjxwbHVzOkxpY2Vuc29yPjxyZGY6U2VxPjxyZGY6bGkgcmRmOnBhcnNlVHlwZT0nUmVzb3VyY2UnPjxwbHVzOkxpY2Vuc29yVVJMPmh0dHBzOi8vd3d3LmlzdG9ja3Bob3RvLmNvbS9waG90by9saWNlbnNlLWdtMTMzNTc1NzQ4My0/dXRtX21lZGl1bT1vcmdhbmljJmFtcDt1dG1fc291cmNlPWdvb2dsZSZhbXA7dXRtX2NhbXBhaWduPWlwdGN1cmw8L3BsdXM6TGljZW5zb3JVUkw+PC9yZGY6bGk+PC9yZGY6U2VxPjwvcGx1czpMaWNlbnNvcj4KCQk8L3JkZjpEZXNjcmlwdGlvbj4KCTwvcmRmOlJERj4KPC94OnhtcG1ldGE+Cjw/eHBhY2tldCBlbmQ9InciPz4K/+0BDFBob3Rvc2hvcCAzLjAAOEJJTQQEAAAAAADvHAJQABNBbnplbGEgS3Nlbm9mb250b3ZhHAJ4AMFBYnN0cmFjdCBCYWNrZ3JvdW5kLiBTb2Z0ICBncmVlbiBhbmQgYmx1ZSBjb2xvciB2ZWN0b3IgYWJzdHJhY3QgYmFja2dyb3VuZCBmb3Igd2ViZGVzaWduLCBwb3N0ZXIsIGJhbm5lci4gTW9kZXJuIHdhbGxwYXBlciB3aXRoIGdyYWRpZW50LiBCcmFuZCAgQ29sb3JmdWwgdGVtcGxhdGUsIHN1bW1lciBhbmQgc3ByaW5nIHNhbGUgcG9zdGVyHAJuAAxHZXR0eSBJbWFnZXMA/9sAQwAKBwcIBwYKCAgICwoKCw4YEA4NDQ4dFRYRGCMfJSQiHyIhJis3LyYpNCkhIjBBMTQ5Oz4+PiUuRElDPEg3PT47/9sAQwEKCwsODQ4cEBAcOygiKDs7Ozs7Ozs7Ozs7Ozs7Ozs7Ozs7Ozs7Ozs7Ozs7Ozs7Ozs7Ozs7Ozs7Ozs7Ozs7Ozs7/8IAEQgBfgJkAwERAAIRAQMRAf/EABoAAQEBAQEBAQAAAAAAAAAAAAABBQIDBAb/xAAYAQEBAQEBAAAAAAAAAAAAAAAAAQQCA//aAAwDAQACEAMQAAAB/WeXMQALIKJKlgliyUslkpZEVLBLAJRBAABAKgBKEBAkFRASBIgSRCEkhCREhBJCEBEAAG/zuAAlgUSVLFkFkqWLJRJZKUSWASiCAACAVACUICAiKgQRCQISSEJESCInJIESEAIgAG/zuAAlgWQWSlkokslLJSyJKVEWCUCCAACAVACUICAiCUQRBEIJIQkRISIRISIghAAQA3+doEFgCyCyUslRFkpZLJRJSyCwSgQQAAQKqAEoRBASiQEQgiAkRJEIRJEIgkQiCAgABu87QQKCoglipYsgslSxZKJKWQWCUQCAAFgoQEoCBJQgIgiAkCEiCSEISSEISQQgSAAA3OdgChBYJRJYqWKiSxUsVEWSgsgsAgAALBQgJQgJQEQQJBZIWIJEJAiQkRIQkEhACAAht86woAioLJRJYqWKiKliyUSUsgFgEAAKIKgIKEFQEBKIIEgQgkhCQIkiEIkEQEQAQA2JqAAUCSlkokpZKJLFSxZBUsCwQCkACwCoCUIFVEEBKECCICQISIEhIiCEIJICAAA1ppACogVEUslElLJRJSyWKJKCyAAAAsFCAlogqAlCAERUggJEBBEIREQhAkEQAEQVdOaCBQEoioLJYoSxZKJKWKiKJKAAAAsFQKqAlCKJRICUBEAiAhBJAQhIJCAgkEAANF7gAElBZKCyUSUsWSgslEVEUApAAsFCKqAlFgJQgoQECASxBASICAkkBARBAACH3z2AIoQWBURSyUSUsVEUsgsUBCgARQqBVQgtEFQLKECKgAIgICQIEgJAhEAgAIE+yeoAUQSgsEsUsgslLAqWBYJQAoAiqEVUCyoKLAShBQEAJRACSCAgICIiAEABEH0z0IoAKgsCyCxQlilkFigsgoACiC0QWwEtEVUFRRKAEoAQIAIgBAQJAQRAAkAPZ0AAokFEVKIokpSwLIKIoKAFgosFsBLRFVBbAKihUAIKABBAEBEEAICASQAHYAFASwKIqCxQligsCiSqAAVQiiWiWiKqC0RVQCooVAAABUQAiAQEASAEAAkACwCUFgURUFigsgpRAoUAsoolFgtEtgtgVUFsAosAFAQAAIAQEAIgEAAOJwAoCCwKCwKiKUFgURQAFC0RQtgtgtgtgWUVUCqgVQAgFAAAEAIEgBAARB5ThQIIKAWBQWBQlgtBRAoCqigqoololpZRZRZRVCKoFEoAoAUQABIAQAgCQA+Z5AABRAoKIFKCwBQWCgLQUS0FlFlololpZRVRQosFFAC0AAAEABAQIIAAfG8QCAKAUCKCiKChRQIKooKosFpZRZaJaWUWUULYBaAtAKAoAAAgBEEAIClrPmcAAKAWAKCiKFFAWgKChbAqopVRVsFstEVaJaFFBVAqigAABQQSgIAkAB26y5lABFABQCiKFFAWgKAULSiWlEtEtKtgtiqirQqKFoKFtAUKAKCAUIEgIAEL2uTMgAAUAogVQBQqLQKKoKJaCrYqixVS0stEtKqKooWgoWgFotABQolEEBAkBAU6XImQAALAAoUUAqoC2gKClUUS0pVRVsFstKJaWUVaFoi2igoC2gWgAUAIkBARAB0uNMYAAtABQoFEoLQLQUFUUoWlloWxVsFsVaJaWUVaAtKKFUUFtFAFACAhEECCFXoxJjAAFFAgtAC0BQW0UFC0olpSqirSyiy0stC2WlC0LQUFVVAKqqABQAhCIIEAL0YcxAACigBRVAFUFBVFFWWgq0sopVsVbKLLSqirSqKFoKCqLQFUWgC2hEEIRBAkBTpcKYgABQKAoFUFFUFC0FWgpZaFpZaVbBbFWllFWlVFC2hQVQqhaBVAAoQgSECQAHS4UwgAChQLQFFCgpQW1FqqLFKoq2KtLLQtirYqirYqihaKFC0FoFoFUAgFRIQJAQFOlwZhAAFABRQoWiqClC0oWlKosVaWWlVFWrYq0LYoWgqiiqoFAqgFVQEQQEqIIEgKdusCYCgEKKAUUKCqLVBVoKVbAq0q0sVaJatLLSqLLShaCqKC0UCgVQAKgBCIIEgIBXouBzhACgKFFBRVBVFKCrShaUq0stC0sVatiqKtiqKULQVRQKqgAWgBBRICEQQiAQp6OsCYQAFUAFUUFqgqilKopVpSy0LSrYq0stC0q2BVpQtBVAFFAUAlpAIKiCAiQEQCno6wJiAAFAqgoWgpaLSgq0pVsVRSrSy0q0S0q0stBVoKooUCgUAAFARAISwQgSAgSr6LgzEAAKoFoUFKopSqKVaULSrSllpVpZRVpVsVRSqihaBVUAUCoAEEoRBCCyECQAApizIAAKCqKC0KVRSrShaUq0q0sVaVbBaVaWUUq0S0FUUAtAACUAIEgqJAQiCBIAKGPzlUAKAUFUUtCrShaUq0pZaVaUq0S0q0q2C0pVRVoBVAoFAACUQQgSEqIIRBAggBTHmYhaBQFKCqKUW0pYq0pVoWlWlKtirSrSyirSlVFC0AqgBQABIKgSEIglRICJACIBVyJlFAUUUKClC0q0oKtKVaVaVaWKtKtKtEtKtLBaCqKAVQAsEAILIQJCESEQQlggABTJmYACgLQWqCrShaUq0pVpVpVsUq0q0q2C0pVRVoKoFAAULBACIJUSEQQiQiQgsEABVypmAoAKCqqlKopVpSrSlWllpSrVoKtLLSrSiWlUUFUCgAEAqIIEhKiQiQiQgSEARUBTMngABQCgq0FWlqxbaVaUL1FWlKoq0q0stKtC2KVRQVQAKCAEokCQhElQiRIRIRIAQAFMx4AUAoBSqKVaUFWlWlKtKtKVaVatKWWlWgstKFoC0AAAgFkBEhEhCWQiRIRIQBIACma8QBQCgoKtKVRSrSrSlWlWlKtWlKtirSrRFWgqigLQACAJKEIgiQiQ5shEhEgSAEABnvEACgoKCrShaUq0q0pVpVpVpVpSy0q0qixVFKooCigEASAlEhCJCJCWRIRIQiQABBF+B4ghQKClC0pQtKVaVaUq0q0q0pVsVaVaVRYqilUUBQAACQEokIkIRIkrlIRIRBAkAAPgeRAUUFBQtKVaDoLSrSrToq0LTpaIq0q06X0vVC0RVAoAAAoQ4nPKQgSETklkSESEIggSAAH//EABkQAQEAAwEAAAAAAAAAAAAAABEAEkCgkP/aAAgBAQABBQLpQODZ9wSxiIiIiIiIiIjY/8QAGBEBAQADAAAAAAAAAAAAAAAAEQAQQLD/2gAIAQMBAT8B7I5ERERGTf8A/8QAFBEBAAAAAAAAAAAAAAAAAAAAsP/aAAgBAgEBPwFnD//EABQQAQAAAAAAAAAAAAAAAAAAALD/2gAIAQEABj8CZw//xAAeEAEBAAMAAgMBAAAAAAAAAAARAAEQYCBwMECQgP/aAAgBAQABPyHOfwaPcZHDGiIjhT4SIjgjwIiNkRwRERERERo4MiNERERHDkRx5EcGREeJxREaI9MnGsflrjjcWOMxY4d8cWOMxmxwZmZ27Z4FnxfJ4V07dvpVmZ45n+8sYsfSv8Hzj6//2gAMAwEAAgADAAAAENQEeHLs8LD1VWoT/wC3+a3RBHxYYaHyezeRtQUkkkkK4OU56GL4KtQn/wDv81uiCLmEQwnk1qdyckFJJACVxxhieMDg1Uhf/wDf5rdNGXcoohGSiUidyJAJIANajnCM8THjioC/97+ESg7yho/FAr9L9SlyTZINv6hVxTmoY8cVC39vWAikGdMHfzzNGxP5OljbaS2yMRFxR+uM5nqVtt6wGUGUA7z51SpkQnZm+hJBNoAxjHxR1nHD8WstqWEfo4p6hEMhGbgX5asrSbbbb4njHDF1zxcXtFtGxrp+FfdG66chsTuyI+9AACkheODHjHlY4jtksoxPcWNdEy43T+ahK1oaskv1myVOMqVDHiOHUkktWPQjpyh7sFoshHyZm6I3/wD8khO43GPQxGMcJBIViUK6MoeBFulc0/CD9YU2kCTZk6odGPUfHchZJHsej+Ez1BuaQOiDKGjJemACX7YNzFcHOVKoubZK8Hh1PRlX6X2pSDvmiCvpZIW729DVHcLg4lHzbQuBxXHhzFa3SRu2v8wQ0xbJ/wDkiQOjE4ehR08Qkr0YRx4cRmIRv2gEyWFNIggf/wCS2ArwzqFZrg4kvxOccOPDw7MxtbbQtlSYJDSbZQkiXMWGdyj5L5CasdHjHHR4nI3ZJv23WsJBaJIA2wFr4ix/MeGS/wB4dxxxxVUOj8AX/bbZLZZ+mQClAE+3XzFhXhBsmjOjnHlVVcDiUrbNtLbJ9vpZP9W2bS+6foItBWl5U51VHHVUJivZmwAXtv8Aay3f+Skl/swT+nvmQX6z4jxVRxVWMbxsEpIm2yWy7+Wyttm02r809qEwEFMXGo8dw4OclolEANv+zdIgNJsAAZL0mntYmAyXeRyOO4c46I327QNIkyWwENMgMBJaQSF9KUzGygpz8arOqOY67grz/MBvaUpohpkMACSJbuQGheAgpEOxHDmJ1Xhh4hr+Ng20gFsgtNts/wCANIlK+Tkl1k4UYw4wdV0vsjR3wAkSRBKITQZJtkB+T+T3xBTIdiPirrnczDBn1D+oL/bQJTCSDbb+yb1S3TX1nU/AvayrqPiIYIesT1jfgKRKobSQBJkhItB3TTD0JU5cw59V4RnhTRqYtRf6RCIbBaSTa0sBlIO3xyJyLOCjLOqGk87TFyclAXsDIYJBAALSX2a8oaXm8CJ0Uz9GjE4es6JX6f0AO+hRDSQQBZAsjTVobBaF9wGj9URciBRHyJG6W2bEu80soW37aZBlTRs/m97Cnp+GrGpTDRX6BNiUsDQut+90kloDaIsDRKRbCU9Z0U5QvCYSBMzaW5e9KYDB2X0klkoaYMjAbLQ1rLmDrClQKIZItLb/ACC9KkQ0QrkkvpYQ0iNrdNyyVMFeUNWjPL0SZISZuCvYyGwAUkSd9ZY2i0AyWUBoh7gr2HLrL8klu2LPg9LrPtSqSQTv7YWAyWEppEHeUPej5frZs2tKEjNymV5v/vfJCSPrZyFptPeSz6grwEd4/pLSQJ8QndCwX5f9ft7IQWvdJff7yyfNEHaF59Q2hJE0rEwlfdqmABNN/t5Ymwnb7+EEJogh6EdLrUl/amRdCygNPYmQSbZL99SkSiEAgpNIWXfE7rOiUlt/CvPyyy3NZM2kCbJd/P5FggGNJqyy7gzNZ0CSkZKGN7yWyj/rbZSQCJfrdJ/ff77fWSXEG5vEwCQJbGg7/WUgjJ/v8CQCLP5tb77ffa2SzogdKiGwABbOiUNNWUWHpbbACQQZ/J7fNJ76yyVdMTr0QmQASPuGT74EECzJMwAiQQPJPb5pPfWSzpgidfikySTR9Qg5JiyymG9tgkQQV6NLvffYgyAfWGgw9bP/AP7IhMjTwJIFENJJ/8QAHhEAAgICAwEBAAAAAAAAAAAAABEBYBAwcICQIED/2gAIAQMBAT8Q92FlaV8LhdZVCWlCpKELCFy4quheH8dXIIob1RTIkiaa6Qx0ZjHw0xjqj75QRoAELBCEIQhE/n//xAAdEQADAAICAwAAAAAAAAAAAAAAAREgYBAwQJCw/9oACAECAQE/EG72oQtJXK01CxWhLJaStKWa0hdS9g9+K9CEIQhCEIQhCEIQnkf/xAAfEAEBAQEBAQADAQEBAAAAAAAAAREQIDAhMUBRQVD/2gAIAQEAAT8QrfjfN5e1fF7fp/36XlVVVVVVVVVV5f4Ly9vmry8vb9P+/Ory9qqqqqqqqvL/ABXlXlXl83+mryqvKqqqqqqqqvMYxjGfOqq+b2/23zVVVixYsWKsWeMYxjGMa35VeVe3t/8AAvKqxVWKsWLFixYsYxnMYxnvfhV5v/hWMYsVYsWLFixYsWLFixYxjGMYsZ3Wt7vi9t5eX63+LPGcsWLFixYsWLFixYxjGMYxjONa1rWt7at7b2+b8r/HjGMYsWLFixYsWLFixYxjGMYxjGNa3xrVrWtb63+jOYzucxnMYsYsYsYsWLFixYxjGMYxjGNa1rWta1rfdvnf5cYzmdxjGMYsWMYsWLGLFixjGMZ0xjGta1rWta1rW935798Z3GMYxjGMYxYxjFjFjGLFLPIYxjGNa1rWta1rebzeWt8b/NncYxjGMYxjGMYxjFMYxjGMZ5DGta1rWta1rebzfO/04xjGMYxjGMYxjFjGKYxnkMZ4Gta1rWta1rWtbzeb/Nnc7jGMYxjGMYxjGMYxnzADONa1rWta1rWta1rf4Z8M9YxjGMYxjGMYxjGMZ4GfABrWta1rWta1rfW834T3PWMYzmMYxjGMYxjGMYxjGMYxngYxjGta1rWta3uta1rW/wAE5POeMYxjGMZzGMYxjGMYxjGMYxjGeBrWta1rWta1rf6Z6zuMYxjGMYxjGMYxjGeQxjGcWc1rWta1rWta1rWta34z4Ts+GMYzmMYxjGMYxjGMYxjGM8DF461rWta1rWta37T1ORETk7nM5GM5jGMYxjGMYxjGMYxjGMYxnNa1rWta1rW835zs9Tk5OREZzOZ4zuMYxjGMYxjGMYxjGMYxNJtrWta1rW81rWta35z1OTk5ETk8ZzGMZzGMYxjGMYxjGMYxjGMQk/DWta1rWta1rea3u+p4icnYiIicicnZzO5zGM5jGMYxjGMYxjGMYifprWta1rWta1rWta1vNbyeIicnIiciJ2cnZ2es7ncYxjGMZzGcxIn6a1rWta1vNa1vznYicnJyciIiJyJ8M85zO4zuLOWM5nIn6a1rWta1rW81rWtbzW9idnYnJyciIiJ2eJ4nxxnMZy9viftP01rWta1rWta1rWta1vJfMRORERE5OTkROTk5E8TxPhe31P2n6a1rWta1rWta3mt7vZeTk5ERERE5ORERPE7OzzPhfF8xP01rWta1rWta1rWta1qInJezkRERE5OTkRPE8T5bzW8t5VW81vIn6a1rWta1rWta1vNalaiciIiIiIiIiJydicnJ4nJ61vda1atWrWta1qVP01rWta1rWta1rWt7qXk5ERETkRE5ERE5OTs7PW91rWta1q1a1ata1qvyl/DWta1rWta1rWtS8lS8iVETkRERERETsRE5Ozs7vjWta1rWtWrVrWta1qvyr8Na1rWta1rea1K1qXkqJyIiIiIiIiIiJycnJyd1rea1rWta1rWtWrVrWrWtapX4a1rWta1rWta1K3s5ERERERERERERERE7PGt5rWta1rWta1q1a1q3jWtar8q/DWta1rWta3mpeRKiIiJyIiIiIiInInJycnre61rWta1rWtatWrVrWta1+RDGta1rea1vJeyt5E5E5ERERERERORETkTk8b3Wta1rWta1a1apS8NbxrUJeftrWtbzW91qVKiIiJURERERERERORERE5OTu81rWta1rWta1avC1q1vGta1vGt8a3krW8l5Kl5KiIiIiIiIiIiciIiJycl7rWtbzWta1q1atWrVq1bxbxreNbxrWtb3UrUvZUqIiIiIiIiIiIiInZyeJ8Na1rWtatWrWrVq1ata1rWta3uta1vZyVKiIiVERERERERERERORE5OT461rVrWrVq1atWrVq1rfIb8dTkvIiIiIiIiIiIiIiIiIiIny1rWt5rWqtWrVq1atWrVrWta1Ce+8lbyVERERERERE5ERERETk5OT661rVq1atWrVq1atWta1rWtb5nmcnIiciIiIiIiIiIiInJycn8Fq1atWrVq1atWrWta1rW+da3sRPERERERERERERERERORE+O+7VWqtWrVq1atWt5rWtSt9zkTkTkRERERERERERERERE5Ple721VVaqrVqrVVa1vda33E5ORERERERERERERERERERE5PlV5qqqqqqqqq+N+k5ERERERERERORERE5ERORE5Pne1VVVVVVeVf4JyIiIiIiIiIkSMT9oxETkbVGz9pH+s/6z/rH+sf6x/rH+sMMsssssf6x/qxjLtVVVa1aqr4vr//2Q=="
                        class="aspect-square"
                        height="48"
                        placeholder="blur"
                        src="/upload/300"
                        style="object-fit: cover;"
                        width="48"
                      />
                    </span>
                    <div
                      class="flex flex-col mr-8"
                    >
                      <p
                        class="text-primary-200 font-medium text-ellipsis whitespace-nowrap overflow-hidden text-2xs md:text-xs text-wrap"
                      >
                         deleted at Sep 12, 2024 9:00 am
                      </p>
                      <p
                        class="text-primary-300 font-normal text-2xs text-ellipsis whitespace-nowrap overflow-hidden"
                      >
                        a month ago
                      </p>
                    </div>
                  </div>
                </td>
                <td
                  class="relative align-middle whitespace-normal text-small font-normal [&>*]:z-1 [&>*]:relative outline-none data-[focus-visible=true]:z-10 data-[focus-visible=true]:outline-2 data-[focus-visible=true]:outline-focus data-[focus-visible=true]:outline-offset-2 before:content-[''] before:absolute before:z-0 before:inset-0 before:opacity-0 data-[selected=true]:before:opacity-100 group-data-[disabled=true]:text-foreground-300 group-data-[disabled=true]:cursor-not-allowed before:bg-default/60 data-[selected=true]:text-default-foreground first:before:rounded-s-lg last:before:rounded-e-lg text-start p-0"
                  data-key="table-row-cell-status"
                  headers="activity-feed-status"
                  role="cell"
                  tabindex="-1"
                >
                  <div
                    class="bg-success text-white dark:text-success dark:bg-opacity-20 w-fit px-2 rounded-md text-center leading-[27px] max-w-[64px]"
                  >
                    <p
                      class="text-2xs font-semibold capitalize"
                    >
                      new
                    </p>
                  </div>
                </td>
              </tr>
            </tbody>
          </table>
        </div>
      </div>
    </div>
  </div>
</DocumentFragment>
`;
